// Jest Snapshot v1, https://goo.gl/fbAQLP

exports[`matches snapshot 1`] = `
<DocumentFragment>
  <div>
    <h1>
      Todo
    </h1>
    <form>
      <label
        for="todo"
      >
        New task: 
      </label>
      <input
        id="todo"
        name="task"
        type="text"
        value=""
      />
      <button>
        Add
      </button>
    </form>
    <ul />
  </div>
</DocumentFragment>
`;
